\BOOKMARK [1][-]{section.0.1}{\376\377\000T\000i\036\301\000n\000\040\000x\036\355\000\040\000l\000\375\000\040\000v\001\003\000n\000\040\000b\036\243\000n}{}% 1
\BOOKMARK [2][-]{subsection.0.1.1}{\376\377\000T\000\341\000c\000h\000\040\000t\036\353\000\040\000\050\000t\000o\000k\000e\000n\000i\000z\000a\000t\000i\000o\000n\000\051}{section.0.1}% 2
\BOOKMARK [2][-]{subsection.0.1.2}{\376\377\000L\000\340\000m\000\040\000s\036\241\000c\000h\000\040\000v\001\003\000n\000\040\000b\036\243\000n}{section.0.1}% 3
\BOOKMARK [2][-]{subsection.0.1.3}{\376\377\000L\000o\036\241\000i\000\040\000b\036\317\000\040\000k\000\375\000\040\000t\036\361\000\040\001\021\036\267\000c\000\040\000b\000i\036\307\000t\000\040\000v\000\340\000\040\000t\036\353\000\040\000d\036\353\000n\000g}{section.0.1}% 4
\BOOKMARK [2][-]{subsection.0.1.4}{\376\377\000C\000h\036\311\000n\000h\000\040\000s\036\355\000a\000\040\000t\036\353}{section.0.1}% 5
\BOOKMARK [1][-]{section.0.2}{\376\377\000C\000h\036\311\000\040\000m\036\345\000c}{}% 6
\BOOKMARK [2][-]{subsection.0.2.1}{\376\377\000C\000h\036\311\000\040\000m\036\345\000c\000\040\000n\000g\001\260\036\343\000c}{section.0.2}% 7
\BOOKMARK [2][-]{subsection.0.2.2}{\376\377\000C\000\341\000c\000\040\000b\001\260\036\333\000c\000\040\000l\036\255\000p\000\040\000c\000h\036\311\000\040\000m\036\345\000c}{section.0.2}% 8
\BOOKMARK [2][-]{subsection.0.2.3}{\376\377\000C\000h\036\311\000\040\000m\036\345\000c\000\040\000v\036\313\000\040\000t\000r\000\355}{section.0.2}% 9
\BOOKMARK [1][-]{section.0.3}{\376\377\000C\000\341\000c\000\040\000t\000h\000a\000n\000g\000\040\001\021\000o\000\040\000c\000h\036\245\000m\000\040\001\021\000i\036\303\000m\000\040\000m\036\351\000c\000\040\001\021\036\331\000\040\000l\000i\000\352\000n\000\040\000q\000u\000a\000n\000\040\000c\036\347\000a\000\040\000t\000\340\000i\000\040\000l\000i\036\307\000u}{}% 10
\BOOKMARK [2][-]{subsection.0.3.1}{\376\377\000T\000F\000-\000I\000D\000F}{section.0.3}% 11
\BOOKMARK [2][-]{subsection.0.3.2}{\376\377\000B\000M\0002\0005}{section.0.3}% 12
\BOOKMARK [1][-]{section.0.4}{\376\377\000C\000\341\000c\000\040\000t\000h\001\260\036\333\000c\000\040\001\021\000o\000\040\001\021\000\341\000n\000h\000\040\000g\000i\000\341}{}% 13
\BOOKMARK [2][-]{subsection.0.4.1}{\376\377\000P\000r\000e\000c\000i\000s\000i\000o\000n\000@\000K\000\040\000\050\000P\000r\000e\000c\000i\000s\000i\000o\000n\000\040\000a\000t\000\040\000K\000\051}{section.0.4}% 14
\BOOKMARK [2][-]{subsection.0.4.2}{\376\377\000R\000e\000c\000a\000l\000l\000\040\000a\000t\000\040\000k\000\040\000\050\000R\000@\000k\000\051}{section.0.4}% 15
\BOOKMARK [2][-]{subsection.0.4.3}{\376\377\000F\0001\000\040\000a\000t\000\040\000k\000\040\000\050\000F\0001\000@\000k\000\051}{section.0.4}% 16
\BOOKMARK [2][-]{subsection.0.4.4}{\376\377\000M\000e\000a\000n\000\040\000R\000e\000c\000i\000p\000r\000o\000c\000a\000l\000\040\000R\000a\000n\000k\000\040\000\050\000M\000R\000R\000\051}{section.0.4}% 17
\BOOKMARK [1][-]{section.0.5}{\376\377\000E\000l\000a\000s\000t\000i\000c\000s\000e\000a\000r\000c\000h}{}% 18
\BOOKMARK [2][-]{subsection.0.5.1}{\376\377\000C\000\341\000c\000\040\000t\000h\000\340\000n\000h\000\040\000p\000h\036\247\000n\000\040\000c\000h\000\355\000n\000h}{section.0.5}% 19
\BOOKMARK [2][-]{subsection.0.5.2}{\376\377\000C\000\341\000c\000h\000\040\000E\000l\000a\000s\000t\000i\000c\000s\000e\000a\000r\000c\000h\000\040\001\021\000\341\000n\000h\000\040\000c\000h\036\311\000\040\000m\036\345\000c\000\040\000\050\000i\000n\000d\000e\000x\000\051}{section.0.5}% 20
\BOOKMARK [2][-]{subsection.0.5.3}{\376\377\000C\000\341\000c\000h\000\040\000E\000l\000a\000s\000t\000i\000c\000s\000e\000a\000r\000c\000h\000\040\000t\000r\000u\000y\000\040\000v\036\245\000n}{section.0.5}% 21
